     mode: test (the game's test mode on)
ok   21-m1  12s  ms_jang_young in korea-baduk-association--kba-trainees
ok   21-m2  48s  ms_jang in one-international
     21-m3: the lift, to ◆ 14F · Sales Team 3
ok   21-m3  10s  ms_jang in one-international--sales3
     21-m4 is gated on mark:errand_copy: to one-international--sales3 (errand-copy)
ok   21-m4  23s  ms_jang in one-international--sales3
ok   21-m5  6s  ms_jang in one-international--sales3
     21-m6: the lift, to ◆ 3F · The PT room
ok   21-m6  22s  ms_jang in one-international--pt-room
     21-m7: the lift, to ◆ 14F · Sales Team 3
ok   21-m7  17s  ms_oh in one-international--sales3
ok   21-m8  10s  ms_kimbr in one-international
ok   21-m9  8s  ms_kimbr in one-international--textile
ok   21-m10  14s  ms_jang in one-international--roof
ok   21-m11  18s  ms_jang in jongno--client
     21-m12: the lift, to ◆ 15F · A meeting room
ok   21-m12  10s  ms_jang in one-international--meeting
     21-m13: the lift, to ◆ 14F · Sales Team 3
ok   21-m13  14s  ms_jang in one-international--sales3
ok   21-m13b  13s  ms_sun in suns-neighbourhood--daycare
ok   21-m14  9s  ms_jang in suns-neighbourhood--sun-flat
ok   21-m15  8s  ms_jang in one-international--sales3
     21-m16: the lift, to ◆ 3F · The PT room
ok   21-m16  24s  ms_ahn in one-international--pt-room
ok   21-m17  7s  ms_ahn in one-international--pt-room
     21-m18: the lift, to ◆ 14F · Sales Team 3
     21-m18: the lift, to ◆ 3F · The PT room
ok   21-m18  32s  ms_jang in one-international--pt-room
     21-m19: the lift, to ◆ 5F · HR
ok   21-m19  13s  ms_jang in one-international--hr
ok   21-m20  29s  ms_jang in daehanmun
ok   after each handoff the new lead starts 6+ tiles from the beat's spot (m2 ms_jang_young>ms_jang in susaek-dong, the spot in one-international; m8 ms_jang>ms_oh 10.3 tiles from m8; m9 ms_oh>ms_kimbr 14.5 tiles from m9; m10 ms_kimbr>ms_jang 16.1 tiles from m10; m14 ms_jang>ms_sun in suns-neighbourhood, the spot in suns-neighbourhood--sun-flat; m15 ms_sun>ms_jang 12.0 tiles from m15; m17 ms_jang>ms_ahn 11.4 tiles from m17; m18 ms_ahn>ms_jang 11.1 tiles from m18)
ok   after the book: playing as ms_jang in daehanmun; the chip says "Jang Geu-rae"; "Now playing" banners: Jang Geu-raeNow playing: Geu-rae | Oh Sang-sikNow playing: Sang-sik | Kim Bu-ryeonNow playing: Bu-ryeon | Jang Geu-raeNow playing: Geu-rae | Sun Ji-youngNow playing: Ji-young | Jang Geu-raeNow playing: Geu-rae | Ahn Young-yiNow playing: Young-yi | Jang Geu-raeNow playing: Geu-rae
walk-playthrough Book 21 (default): 21/21 beats walked and played in 5.8 min (0 needed a reload, 0 held by a scene); 20 boards (15 from the rated pool)
the goal box's chip followed the party: Jang Geu-rae → Oh Sang-sik → Kim Bu-ryeon → Jang Geu-rae → Sun Ji-young → Jang Geu-rae → Ahn Young-yi → Jang Geu-rae
