     mode: test (the game's test mode on)
ok   21-m1  11s  ms_jang_child in susaek-dong--baduk-class
ok   21-m2  14s  ms_jang_young in korea-baduk-association--kba-trainees
ok   21-m3  21s  ms_jang in korea-baduk-association--kba-cafe
ok   21-m4  10s  ms_jang in susaek-dong--home
ok   21-m5  15s  ms_jang in jongno--sponsor-office
ok   21-m6  6s  ms_jang in susaek-dong--home
ok   21-m7  18s  ms_jang in ohs-home
ok   21-m8  43s  ms_jang in jongno--cafe
ok   21-m9  23s  ms_jang in jongno
     21-m10: the lift, to ◆ 5F · HR
ok   21-m10  22s  ms_jang in one-international--hr
     21-m11 is gated on mark:requisition: to one-international--general-affairs (ga-counter)
     21-m11: the lift, to ◆ 14F · Sales Team 3
     21-m11: the lift, to ◆ 14F · Sales Team 3
     21-m11: the lift, to ◆ 14F · Sales Team 3
     21-m11: the lift, to ◆ 14F · Sales Team 3
     21-m11: the lift, to ◆ 14F · Sales Team 3
     21-m11: the lift, to ◆ 14F · Sales Team 3
     21-m11: the lift, to ◆ 14F · Sales Team 3
     21-m11: the lift, to ◆ 14F · Sales Team 3
     21-m11: the lift, to ◆ 14F · Sales Team 3
     21-m11: the lift, to ◆ 14F · Sales Team 3
     21-m11: the lift, to ◆ 14F · Sales Team 3
     21-m11: the lift, to ◆ 14F · Sales Team 3
     21-m11: the lift, to ◆ 14F · Sales Team 3
     21-m11: the lift, to ◆ 14F · Sales Team 3
     21-m11: the lift, to ◆ 14F · Sales Team 3
     21-m11: the lift, to ◆ 14F · Sales Team 3
     21-m11: the lift, to ◆ 14F · Sales Team 3
     21-m11: the lift, to ◆ 14F · Sales Team 3
     21-m11: the lift, to ◆ 14F · Sales Team 3
     21-m11: the lift, to ◆ 14F · Sales Team 3
     21-m11: the lift, to ◆ 14F · Sales Team 3
     21-m11: the lift, to ◆ 14F · Sales Team 3
     21-m11: the lift, to ◆ 14F · Sales Team 3
     21-m11: the lift, to ◆ 14F · Sales Team 3
     21-m11: the lift, to ◆ 14F · Sales Team 3
     21-m11: the lift, to ◆ 14F · Sales Team 3
     21-m11: the lift, to ◆ 14F · Sales Team 3
     21-m11: the lift, to ◆ 14F · Sales Team 3
     21-m11: the lift, to ◆ 14F · Sales Team 3
     21-m11: the lift, to ◆ 14F · Sales Team 3
     21-m11: the lift, to ◆ 14F · Sales Team 3
     21-m11: the lift, to ◆ 14F · Sales Team 3
     21-m11: the lift, to ◆ 14F · Sales Team 3
     21-m11: the lift, to ◆ 14F · Sales Team 3
     21-m11: the lift, to ◆ 14F · Sales Team 3
     21-m11: the lift, to ◆ 14F · Sales Team 3
     21-m11: the lift, to ◆ 14F · Sales Team 3
     21-m11: the lift, to ◆ 14F · Sales Team 3
     21-m11: the lift, to ◆ 14F · Sales Team 3
     21-m11: the lift, to ◆ 14F · Sales Team 3
     21-m11: the lift, to ◆ 14F · Sales Team 3
     21-m11: the lift, to ◆ 14F · Sales Team 3
     21-m11: the lift, to ◆ 14F · Sales Team 3
     21-m11: the lift, to ◆ 14F · Sales Team 3
     21-m11: the lift, to ◆ 14F · Sales Team 3
     21-m11: the lift, to ◆ 14F · Sales Team 3
     21-m11: the lift, to ◆ 14F · Sales Team 3
     21-m11: the lift, to ◆ 14F · Sales Team 3
     21-m11: the lift, to ◆ 14F · Sales Team 3
     21-m11: the lift, to ◆ 14F · Sales Team 3
     21-m11: the lift, to ◆ 14F · Sales Team 3
     21-m11: the lift, to ◆ 14F · Sales Team 3
     21-m11: the lift, to ◆ 14F · Sales Team 3
     21-m11: the lift, to ◆ 14F · Sales Team 3
     21-m11: the lift, to ◆ 14F · Sales Team 3
     21-m11: the lift, to ◆ 14F · Sales Team 3
     21-m11: the lift, to ◆ 14F · Sales Team 3
     21-m11: the lift, to ◆ 14F · Sales Team 3
     21-m11: the lift, to ◆ 14F · Sales Team 3
     21-m11: the lift, to ◆ 14F · Sales Team 3
     21-m11: the lift, to ◆ 14F · Sales Team 3
     21-m11: the lift, to ◆ 14F · Sales Team 3
     21-m11: the lift, to ◆ 14F · Sales Team 3
     21-m11: the lift, to ◆ 14F · Sales Team 3
     21-m11: the lift, to ◆ 14F · Sales Team 3
     21-m11: the lift, to ◆ 14F · Sales Team 3
     21-m11: the lift, to ◆ 14F · Sales Team 3
     21-m11: the lift, to ◆ 14F · Sales Team 3
     21-m11: the lift, to ◆ 14F · Sales Team 3
     21-m11: the lift, to ◆ 14F · Sales Team 3
     21-m11: the lift, to ◆ 14F · Sales Team 3
     21-m11: the lift, to ◆ 14F · Sales Team 3
     21-m11: the lift, to ◆ 14F · Sales Team 3
     21-m11: the lift, to ◆ 14F · Sales Team 3
     21-m11: the lift, to ◆ 14F · Sales Team 3
     21-m11: the lift, to ◆ 14F · Sales Team 3
     21-m11: the lift, to ◆ 14F · Sales Team 3
     21-m11: the lift, to ◆ 14F · Sales Team 3
     21-m11: the lift, to ◆ 14F · Sales Team 3
     21-m11: the lift, to ◆ 14F · Sales Team 3
     21-m11: the lift, to ◆ 14F · Sales Team 3
     21-m11: the lift, to ◆ 14F · Sales Team 3
     21-m11: the lift, to ◆ 14F · Sales Team 3
     21-m11: the lift, to ◆ 14F · Sales Team 3
     21-m11: the lift, to ◆ 14F · Sales Team 3
     21-m11: the lift, to ◆ 14F · Sales Team 3
     21-m11: the lift, to ◆ 14F · Sales Team 3
     21-m11: the lift, to ◆ 14F · Sales Team 3
     21-m11: the lift, to ◆ 14F · Sales Team 3
     21-m11: the lift, to ◆ 14F · Sales Team 3
     21-m11: the lift, to ◆ 14F · Sales Team 3
     21-m11: the lift, to ◆ 14F · Sales Team 3
     21-m11: the lift, to ◆ 14F · Sales Team 3
     21-m11: the lift, to ◆ 14F · Sales Team 3
     21-m11: the lift, to ◆ 14F · Sales Team 3
     21-m11: the lift, to ◆ 14F · Sales Team 3
     21-m11: the lift, to ◆ 14F · Sales Team 3
     21-m11: the lift, to ◆ 14F · Sales Team 3
     21-m11: the lift, to ◆ 14F · Sales Team 3
     21-m11: the lift, to ◆ 14F · Sales Team 3
     21-m11: the lift, to ◆ 14F · Sales Team 3
     21-m11: the lift, to ◆ 14F · Sales Team 3
     21-m11: the lift, to ◆ 14F · Sales Team 3
     21-m11: the lift, to ◆ 14F · Sales Team 3
     21-m11: the lift, to ◆ 14F · Sales Team 3
     21-m11: the lift, to ◆ 14F · Sales Team 3
     21-m11: the lift, to ◆ 14F · Sales Team 3
     21-m11: the lift, to ◆ 14F · Sales Team 3
     21-m11: the lift, to ◆ 14F · Sales Team 3
     ui: {"csAt":{"id":"?","i":17,"of":18,"beat":"{\"do\":\"fade\",\"actors\":[\"oh\",\"kd\"]}","at":1791643208741,"ago":300946},"csStarted":[{"id":"?","beats":15,"at":1791643086722},{"id":"?","beats":6,"at":1791643099620},{"id":"?","beats":24,"at":1791643104053},{"id":"?","beats":19,"at":1791643158101},{"id":"?","beats":14,"at":1791643180569},{"id":"?","beats":18,"at":1791643198033}],"engaged":false,"lead":"ms_jang","party":["ms_jang"],"line":"Story▼","dlgHidden":true,"busy":false,"cine":false,"leaving":false,"html":["town-goal-go:Take me there","tk-strip compact:Move 5Move 5"]}
FAIL 21-m11  at 300,57 in one-international: over 300s on this beat (caught 0 times; goal 296,39) ("I came in from a provincial college on clubs and contest prizes. Nobody here cares where y"); reloading, as a player would, and playing on
     21-m11: the lift, to ◆ 14F · Sales Team 3
     21-m11: the lift, to ◆ 14F · Sales Team 3
     21-m11: the lift, to ◆ 14F · Sales Team 3
     21-m11: the lift, to ◆ 14F · Sales Team 3
     21-m11: the lift, to ◆ 14F · Sales Team 3
     21-m11: the lift, to ◆ 14F · Sales Team 3
     21-m11: the lift, to ◆ 14F · Sales Team 3
     21-m11: the lift, to ◆ 14F · Sales Team 3
     21-m11: the lift, to ◆ 14F · Sales Team 3
     21-m11: the lift, to ◆ 14F · Sales Team 3
     21-m11: the lift, to ◆ 14F · Sales Team 3
     21-m11: the lift, to ◆ 14F · Sales Team 3
     21-m11: the lift, to ◆ 14F · Sales Team 3
     21-m11: the lift, to ◆ 14F · Sales Team 3
     21-m11: the lift, to ◆ 14F · Sales Team 3
     21-m11: the lift, to ◆ 14F · Sales Team 3
     21-m11: the lift, to ◆ 14F · Sales Team 3
     21-m11: the lift, to ◆ 14F · Sales Team 3
     21-m11: the lift, to ◆ 14F · Sales Team 3
     21-m11: the lift, to ◆ 14F · Sales Team 3
     21-m11: the lift, to ◆ 14F · Sales Team 3
     21-m11: the lift, to ◆ 14F · Sales Team 3
     21-m11: the lift, to ◆ 14F · Sales Team 3
     21-m11: the lift, to ◆ 14F · Sales Team 3
     21-m11: the lift, to ◆ 14F · Sales Team 3
     21-m11: the lift, to ◆ 14F · Sales Team 3
     21-m11: the lift, to ◆ 14F · Sales Team 3
     21-m11: the lift, to ◆ 14F · Sales Team 3
     21-m11: the lift, to ◆ 14F · Sales Team 3
     21-m11: the lift, to ◆ 14F · Sales Team 3
     21-m11: the lift, to ◆ 14F · Sales Team 3
     21-m11: the lift, to ◆ 14F · Sales Team 3
     21-m11: the lift, to ◆ 14F · Sales Team 3
     21-m11: the lift, to ◆ 14F · Sales Team 3
     21-m11: the lift, to ◆ 14F · Sales Team 3
     21-m11: the lift, to ◆ 14F · Sales Team 3
     21-m11: the lift, to ◆ 14F · Sales Team 3
     21-m11: the lift, to ◆ 14F · Sales Team 3
     21-m11: the lift, to ◆ 14F · Sales Team 3
     21-m11: the lift, to ◆ 14F · Sales Team 3
     21-m11: the lift, to ◆ 14F · Sales Team 3
     21-m11: the lift, to ◆ 14F · Sales Team 3
     21-m11: the lift, to ◆ 14F · Sales Team 3
     21-m11: the lift, to ◆ 14F · Sales Team 3
     21-m11: the lift, to ◆ 14F · Sales Team 3
     21-m11: the lift, to ◆ 14F · Sales Team 3
     21-m11: the lift, to ◆ 14F · Sales Team 3
     21-m11: the lift, to ◆ 14F · Sales Team 3
     21-m11: the lift, to ◆ 14F · Sales Team 3
     21-m11: the lift, to ◆ 14F · Sales Team 3
     21-m11: the lift, to ◆ 14F · Sales Team 3
     21-m11: the lift, to ◆ 14F · Sales Team 3
     21-m11: the lift, to ◆ 14F · Sales Team 3
     21-m11: the lift, to ◆ 14F · Sales Team 3
     21-m11: the lift, to ◆ 14F · Sales Team 3
     21-m11: the lift, to ◆ 14F · Sales Team 3
     21-m11: the lift, to ◆ 14F · Sales Team 3
     21-m11: the lift, to ◆ 14F · Sales Team 3
     21-m11: the lift, to ◆ 14F · Sales Team 3
     21-m11: the lift, to ◆ 14F · Sales Team 3
     21-m11: the lift, to ◆ 14F · Sales Team 3
     21-m11: the lift, to ◆ 14F · Sales Team 3
     21-m11: the lift, to ◆ 14F · Sales Team 3
     21-m11: the lift, to ◆ 14F · Sales Team 3
     21-m11: the lift, to ◆ 14F · Sales Team 3
     21-m11: the lift, to ◆ 14F · Sales Team 3
     21-m11: the lift, to ◆ 14F · Sales Team 3
     21-m11: the lift, to ◆ 14F · Sales Team 3
     21-m11: the lift, to ◆ 14F · Sales Team 3
     21-m11: the lift, to ◆ 14F · Sales Team 3
     21-m11: the lift, to ◆ 14F · Sales Team 3
     21-m11: the lift, to ◆ 14F · Sales Team 3
     21-m11: the lift, to ◆ 14F · Sales Team 3
     21-m11: the lift, to ◆ 14F · Sales Team 3
     21-m11: the lift, to ◆ 14F · Sales Team 3
     21-m11: the lift, to ◆ 14F · Sales Team 3
     21-m11: the lift, to ◆ 14F · Sales Team 3
     21-m11: the lift, to ◆ 14F · Sales Team 3
     21-m11: the lift, to ◆ 14F · Sales Team 3
     21-m11: the lift, to ◆ 14F · Sales Team 3
     21-m11: the lift, to ◆ 14F · Sales Team 3
     21-m11: the lift, to ◆ 14F · Sales Team 3
     21-m11: the lift, to ◆ 14F · Sales Team 3
     21-m11: the lift, to ◆ 14F · Sales Team 3
     21-m11: the lift, to ◆ 14F · Sales Team 3
     21-m11: the lift, to ◆ 14F · Sales Team 3
     21-m11: the lift, to ◆ 14F · Sales Team 3
     21-m11: the lift, to ◆ 14F · Sales Team 3
     21-m11: the lift, to ◆ 14F · Sales Team 3
     21-m11: the lift, to ◆ 14F · Sales Team 3
     21-m11: the lift, to ◆ 14F · Sales Team 3
     21-m11: the lift, to ◆ 14F · Sales Team 3
     21-m11: the lift, to ◆ 14F · Sales Team 3
     21-m11: the lift, to ◆ 14F · Sales Team 3
     21-m11: the lift, to ◆ 14F · Sales Team 3
     21-m11: the lift, to ◆ 14F · Sales Team 3
     21-m11: the lift, to ◆ 14F · Sales Team 3
     21-m11: the lift, to ◆ 14F · Sales Team 3
     21-m11: the lift, to ◆ 14F · Sales Team 3
     21-m11: the lift, to ◆ 14F · Sales Team 3
     21-m11: the lift, to ◆ 14F · Sales Team 3
     21-m11: the lift, to ◆ 14F · Sales Team 3
     21-m11: the lift, to ◆ 14F · Sales Team 3
     21-m11: the lift, to ◆ 14F · Sales Team 3
     21-m11: the lift, to ◆ 14F · Sales Team 3
     21-m11: the lift, to ◆ 14F · Sales Team 3
     21-m11: the lift, to ◆ 14F · Sales Team 3
     21-m11: the lift, to ◆ 14F · Sales Team 3
     ui: {"engaged":false,"lead":"ms_jang","party":["ms_jang"],"line":"Story▼","dlgHidden":true,"busy":false,"cine":false,"leaving":false,"html":["town-goal-go:Take me there","tk-strip compact:Move 5Move 5"]}
FAIL 21-m11  601s  ms_jang in one-international  at 300,57: over 300s on this beat (caught 0 times) ("I came in from a provincial college on clubs and contest prizes. Nobody here cares where you're from. Once you're in, th")
ok   after each handoff the new lead starts 6+ tiles from the beat's spot (m2 ms_jang_child>ms_jang_young 20.8 tiles from m2; m4 ms_jang_young>ms_jang in susaek-dong, the spot in susaek-dong--home)
ok   after the book: playing as ms_jang in one-international; the chip says "Jang Geu-rae"; "Now playing" banners: Jang Geu-raeNow playing: Geu-rae
walk-playthrough Book 21 (default): 10/11 beats walked and played in 13.1 min (1 needed a reload, 0 held by a scene); 5 boards (4 from the rated pool)
the goal box's chip followed the party: Jang Geu-rae
