     mode: player (the game's test mode off)
ok   21-m1  12s  ms_jang_child in susaek-dong--baduk-class
ok   21-m2  11s  ms_jang_young in korea-baduk-association--kba-trainees
ok   21-m4  13s  ms_jang in susaek-dong--home
ok   21-m5  15s  ms_oh_hike in jongno--sponsor-office
ok   21-m7  24s  ms_jang in mountain
ok   21-m8  17s  ms_jang in jongno--cafe
     21-m10: the lift, to ◆ 2F · General Affairs
     21-m10 is gated on mark:requisition: to one-international--general-affairs (ga-counter)
     21-m10: the lift, to ◆ 14F · Sales Team 3
ok   21-m10  17s  ms_jang in one-international--sales3
ok   21-m12  20s  ms_jang in jongno--hof
     21-m13: the lift, to ◆ 14F · Sales Team 3
ok   21-m13  23s  ms_ahn in one-international--sales3
     21-m14 is gated on mark:errand_bl: to one-international--sales3 (errand-bl)
     21-m14: the lift, to ◆ 14F · Sales Team 3
     21-m14 is gated on mark:errand_copy: to one-international--sales3 (errand-copy)
     21-m14 is gated on mark:errand_floor: to one-international--sales3 (errand-floor)
ok   21-m14  53s  ms_jang in one-international--sales3
ok   21-m16  12s  ms_jang in jongno
     21-m17: the lift, to ◆ R · The roof
ok   21-m17  16s  ms_jang in one-international--roof
     21-m18: the lift, to ◆ 14F · Sales Team 3
ok   21-m18  19s  ms_jang in one-international--sales3
ok   21-m19  18s  ms_jang in one-international--sales3
     21-m19c: the lift, to ◆ 15F · A meeting room
ok   21-m19c  12s  ms_jang in one-international--meeting
     21-m20: the lift, to ◆ 14F · Sales Team 3
ok   21-m20  17s  ms_oh in one-international--sales3
ok   21-m21  8s  ms_oh in one-international--sales3
     21-m21b: gated on the audit board; opening it from the bag
     21-m21b: the audit board: "Why does Go's intern keep borrowing our supplies?" -> Go's key ring + The borrowed glue
     21-m21b: the audit board: "How did a Sales 3 waybill get down to the lobby?" -> The borrowed glue + Waybill scrap
ok   21-m21b  26s  ms_jang in jongno
     21-m22: the lift, to ◆ 14F · Sales Team 3
ok   21-m22  13s  ms_jang in one-international--sales3
ok   21-m22b  12s  ms_jang in one-international--sales3
ok   after each handoff the new lead starts 6+ tiles from the beat's spot (m2 ms_jang_child>ms_jang_young 20.8 tiles from m2; m4 ms_jang_young>ms_jang in susaek-dong, the spot in susaek-dong--home; m7 ms_jang>ms_oh_hike 47.9 tiles from m7; m8 ms_oh_hike>ms_jang 11.9 tiles from m8; m13 ms_jang>ms_ahn in jongno--hof, the spot in one-international--sales3; m14 ms_ahn>ms_jang in susaek-dong, the spot in one-international--sales3; m21 ms_jang>ms_oh 6.1 tiles from m21; m22 ms_oh>ms_jang in one-international, the spot in one-international--sales3)
walk-playthrough Book 21 (default): 20/20 beats walked and played in 6.6 min (0 needed a reload, 0 held by a scene); 16 boards (13 from the rated pool)
the goal box's chip followed the party: Jang Geu-rae → Oh Sang-sik → Jang Geu-rae → Ahn Young-yi → Jang Geu-rae → Oh Sang-sik → Jang Geu-rae
